// Jest Snapshot v1, https://goo.gl/fbAQLP

exports[`Register Component matches snapshot 1`] = `"[36m<div />[39m"`;
